
> 0509@0.1.0 seed:publisher
> node scripts/ads-domain-publisher.mjs --list=sneaker-resale --dry-run --min-publish=26

seed:publisher dry-run — list=sneaker-resale domains=26 base=https://0509.io
publish floor: verified + likely >= 1 per domain; gate: >= 26 publishable

  PUBLISH nike.com           verified 13 + likely 0
  PUBLISH stockx.com         verified 20 + likely 0
  PUBLISH goat.com           verified 30 + likely 0
  PUBLISH saucony.com        verified 5 + likely 3
  PUBLISH saucony.co.uk      verified 5 + likely 3
  PUBLISH asics.com          verified 10 + likely 6
  PUBLISH hoka.com           verified 24 + likely 0
  PUBLISH on.com             verified 27 + likely 0
  PUBLISH adidas.com         verified 12 + likely 4
  PUBLISH puma.com           verified 11 + likely 5
  PUBLISH newbalance.com     verified 20 + likely 1
  PUBLISH reebok.com         verified 2 + likely 0
  FAILED  crocs.com          HTTP 500
  FAILED  footlocker.com     HTTP 500
  FAILED  dsw.com            HTTP 500
  FAILED  vans.com           HTTP 500
  FAILED  converse.com       HTTP 500
  FAILED  underarmour.com    HTTP 500
  PUBLISH stadiumgoods.com   verified 24 + likely 0
  PUBLISH flightclub.com     verified 3 + likely 2
  PUBLISH kickscrew.com      verified 27 + likely 0
  PUBLISH solesavy.com       verified 0 + likely 2
  PUBLISH jdsports.com       verified 30 + likely 0
