
> 0509@0.1.0 seed:publisher
> node scripts/ads-domain-publisher.mjs --list=beauty-personal-care --dry-run --min-publish=15

seed:publisher dry-run — list=beauty-personal-care domains=29 base=https://0509.io
publish floor: verified + likely >= 1 per domain; gate: >= 15 publishable

  PUBLISH elfcosmetics.com   verified 25 + likely 0
  PUBLISH sephora.com        verified 26 + likely 0
  PUBLISH ulta.com           verified 2 + likely 4
  PUBLISH glossier.com       verified 6 + likely 0
  PUBLISH fentybeauty.com    verified 7 + likely 0
  PUBLISH hudabeauty.com     verified 14 + likely 0
  PUBLISH kyliecosmetics.com verified 4 + likely 0
  PUBLISH colourpop.com      verified 22 + likely 0
  PUBLISH morphe.com         verified 9 + likely 0
  SKIP    urbandecay.com     no verified/likely coverage (verified 0, likely 0, unmatched 8)
  PUBLISH narscosmetics.com  verified 23 + likely 0
  PUBLISH anastasiabeverlyhills.com verified 1 + likely 0
  PUBLISH tatcha.com         verified 8 + likely 0
  SKIP    drunkelephant.com  no verified/likely coverage (verified 0, likely 0, unmatched 2)
  SKIP    theordinary.com    no verified/likely coverage (verified 0, likely 0, unmatched 0)
  SKIP    paulaschoice.com   no verified/likely coverage (verified 0, likely 0, unmatched 0)
  SKIP    cerave.com         no verified/likely coverage (verified 0, likely 0, unmatched 0)
  SKIP    cetaphil.com       no verified/likely coverage (verified 0, likely 0, unmatched 0)
  PUBLISH olay.com           verified 16 + likely 2
  PUBLISH dove.com           verified 6 + likely 5
  PUBLISH birchbox.com       verified 12 + likely 0
  PUBLISH nykaa.com          verified 19 + likely 10
  PUBLISH mamaearth.in       verified 26 + likely 0
  PUBLISH bombayshavingcompany.com verified 29 + likely 0
  PUBLISH thrivemarket.com   verified 28 + likely 0
  PUBLISH glowrecipe.com     verified 3 + likely 0
